../Core/Src/main.c:83:6:MEMS_Write	16	static
../Core/Src/main.c:89:6:MEMS_Read	16	static
../Core/Src/main.c:96:6:Green_LED_Task	16	static
../Core/Src/main.c:105:6:vHandlerTask	24	static
../Core/Src/main.c:128:6:HAL_GPIO_EXTI_Callback	24	static,ignoring_inline_asm
../Core/Src/main.c:145:5:main	16	static
../Core/Src/main.c:195:6:SystemClock_Config	88	static
../Core/Src/main.c:235:13:MX_SPI1_Init	8	static
../Core/Src/main.c:273:13:MX_GPIO_Init	40	static
../Core/Src/main.c:326:6:HAL_TIM_PeriodElapsedCallback	16	static
../Core/Src/main.c:343:6:Error_Handler	4	static,ignoring_inline_asm
